MPLINK 4.40, Linker
Linker Map File - Created Fri May 03 16:45:56 2019

                                 Section Info
                  Section       Type    Address   Location Size(Bytes)
                ---------  ---------  ---------  ---------  ---------
                   .org_0       code   0x000000    program   0x000000
                   .org_1       code   0x000000    program   0x000002
                   .org_2       code   0x000004    program   0x000002
                   .org_3       code   0x000005    program   0x0000c0
     .config_2007_COCHE.O       code   0x002007    program   0x000002



                              Program Memory Usage 
                               Start         End      
                           ---------   ---------      
                            0x000000    0x000000      
                            0x000004    0x000064      
                            0x002007    0x002007      
            99 out of 8454 program addresses used, program memory utilization is 1%



                              Symbols - Sorted by Name
                     Name    Address   Location    Storage File                     
                ---------  ---------  ---------  --------- ---------                
                 adelante   0x000042    program     static F:\PICS\Coche\Coche.asm  
                    atras   0x000044    program     static F:\PICS\Coche\Coche.asm  
                  atroizq   0x00003d    program     static F:\PICS\Coche\Coche.asm  
                  derecha   0x000040    program     static F:\PICS\Coche\Coche.asm  
                     idrx   0x000062    program     static F:\PICS\Coche\Coche.asm  
                   inicio   0x000005    program     static F:\PICS\Coche\Coche.asm  
             interrupcion   0x000023    program     static F:\PICS\Coche\Coche.asm  
                izquierda   0x000046    program     static F:\PICS\Coche\Coche.asm  
                     main   0x000022    program     static F:\PICS\Coche\Coche.asm  
                    motor   0x00004e    program     static F:\PICS\Coche\Coche.asm  
                      off   0x000058    program     static F:\PICS\Coche\Coche.asm  
                   parado   0x000048    program     static F:\PICS\Coche\Coche.asm  
             prepararTMR0   0x00005e    program     static F:\PICS\Coche\Coche.asm  
                 terminar   0x00004a    program     static F:\PICS\Coche\Coche.asm  



                              Symbols - Sorted by Address
                     Name    Address   Location    Storage File                     
                ---------  ---------  ---------  --------- ---------                
                   inicio   0x000005    program     static F:\PICS\Coche\Coche.asm  
                     main   0x000022    program     static F:\PICS\Coche\Coche.asm  
             interrupcion   0x000023    program     static F:\PICS\Coche\Coche.asm  
                  atroizq   0x00003d    program     static F:\PICS\Coche\Coche.asm  
                  derecha   0x000040    program     static F:\PICS\Coche\Coche.asm  
                 adelante   0x000042    program     static F:\PICS\Coche\Coche.asm  
                    atras   0x000044    program     static F:\PICS\Coche\Coche.asm  
                izquierda   0x000046    program     static F:\PICS\Coche\Coche.asm  
                   parado   0x000048    program     static F:\PICS\Coche\Coche.asm  
                 terminar   0x00004a    program     static F:\PICS\Coche\Coche.asm  
                    motor   0x00004e    program     static F:\PICS\Coche\Coche.asm  
                      off   0x000058    program     static F:\PICS\Coche\Coche.asm  
             prepararTMR0   0x00005e    program     static F:\PICS\Coche\Coche.asm  
                     idrx   0x000062    program     static F:\PICS\Coche\Coche.asm  


