MPLINK 4.40, Linker
Linker Map File - Created Fri May 03 16:50:56 2019

                                 Section Info
                  Section       Type    Address   Location Size(Bytes)
                ---------  ---------  ---------  ---------  ---------
                   .org_0       code   0x000000    program   0x000000
                   .org_1       code   0x000000    program   0x000002
                   .org_2       code   0x000004    program   0x000002
                   .org_3       code   0x000005    program   0x0000b6
     .config_2007_MANDO.O       code   0x002007    program   0x000002



                              Program Memory Usage 
                               Start         End      
                           ---------   ---------      
                            0x000000    0x000000      
                            0x000004    0x00005f      
                            0x002007    0x002007      
            94 out of 8454 program addresses used, program memory utilization is 1%



                              Symbols - Sorted by Name
                     Name    Address   Location    Storage File                     
                ---------  ---------  ---------  --------- ---------                
                 adelante   0x000043    program     static F:\PICS\Mando\Mando.asm  
                    atras   0x000048    program     static F:\PICS\Mando\Mando.asm  
                    bucle   0x000027    program     static F:\PICS\Mando\Mando.asm  
                  derecha   0x00003e    program     static F:\PICS\Mando\Mando.asm  
                direccion   0x000035    program     static F:\PICS\Mando\Mando.asm  
                   inicio   0x000005    program     static F:\PICS\Mando\Mando.asm  
             interrupcion   0x000026    program     static F:\PICS\Mando\Mando.asm  
                izquierda   0x00004d    program     static F:\PICS\Mando\Mando.asm  
                     main   0x000025    program     static F:\PICS\Mando\Mando.asm  
                    parar   0x000052    program     static F:\PICS\Mando\Mando.asm  
                 terminar   0x000055    program     static F:\PICS\Mando\Mando.asm  



                              Symbols - Sorted by Address
                     Name    Address   Location    Storage File                     
                ---------  ---------  ---------  --------- ---------                
                   inicio   0x000005    program     static F:\PICS\Mando\Mando.asm  
                     main   0x000025    program     static F:\PICS\Mando\Mando.asm  
             interrupcion   0x000026    program     static F:\PICS\Mando\Mando.asm  
                    bucle   0x000027    program     static F:\PICS\Mando\Mando.asm  
                direccion   0x000035    program     static F:\PICS\Mando\Mando.asm  
                  derecha   0x00003e    program     static F:\PICS\Mando\Mando.asm  
                 adelante   0x000043    program     static F:\PICS\Mando\Mando.asm  
                    atras   0x000048    program     static F:\PICS\Mando\Mando.asm  
                izquierda   0x00004d    program     static F:\PICS\Mando\Mando.asm  
                    parar   0x000052    program     static F:\PICS\Mando\Mando.asm  
                 terminar   0x000055    program     static F:\PICS\Mando\Mando.asm  


